Archive member included to satisfy reference by file (symbol)

C:/ST/STM32CubeIDE_1.16.0/STM32CubeIDE/plugins/com.st.stm32cube.ide.mcu.externaltools.gnu-tools-for-stm32.12.3.rel1.win32_1.0.200.202406191623/tools/bin/../lib/gcc/arm-none-eabi/12.3.1/../../../../arm-none-eabi/lib/thumb/v7-m/nofp\libc_nano.a(libc_a-exit.o)
                              C:/ST/STM32CubeIDE_1.16.0/STM32CubeIDE/plugins/com.st.stm32cube.ide.mcu.externaltools.gnu-tools-for-stm32.12.3.rel1.win32_1.0.200.202406191623/tools/bin/../lib/gcc/arm-none-eabi/12.3.1/../../../../arm-none-eabi/lib/thumb/v7-m/nofp/crt0.o (exit)
C:/ST/STM32CubeIDE_1.16.0/STM32CubeIDE/plugins/com.st.stm32cube.ide.mcu.externaltools.gnu-tools-for-stm32.12.3.rel1.win32_1.0.200.202406191623/tools/bin/../lib/gcc/arm-none-eabi/12.3.1/../../../../arm-none-eabi/lib/thumb/v7-m/nofp\libc_nano.a(libc_a-findfp.o)
                              C:/ST/STM32CubeIDE_1.16.0/STM32CubeIDE/plugins/com.st.stm32cube.ide.mcu.externaltools.gnu-tools-for-stm32.12.3.rel1.win32_1.0.200.202406191623/tools/bin/../lib/gcc/arm-none-eabi/12.3.1/../../../../arm-none-eabi/lib/thumb/v7-m/nofp\libc_nano.a(libc_a-exit.o) (__stdio_exit_handler)
C:/ST/STM32CubeIDE_1.16.0/STM32CubeIDE/plugins/com.st.stm32cube.ide.mcu.externaltools.gnu-tools-for-stm32.12.3.rel1.win32_1.0.200.202406191623/tools/bin/../lib/gcc/arm-none-eabi/12.3.1/../../../../arm-none-eabi/lib/thumb/v7-m/nofp\libc_nano.a(libc_a-fwalk.o)
                              C:/ST/STM32CubeIDE_1.16.0/STM32CubeIDE/plugins/com.st.stm32cube.ide.mcu.externaltools.gnu-tools-for-stm32.12.3.rel1.win32_1.0.200.202406191623/tools/bin/../lib/gcc/arm-none-eabi/12.3.1/../../../../arm-none-eabi/lib/thumb/v7-m/nofp\libc_nano.a(libc_a-findfp.o) (_fwalk_sglue)
C:/ST/STM32CubeIDE_1.16.0/STM32CubeIDE/plugins/com.st.stm32cube.ide.mcu.externaltools.gnu-tools-for-stm32.12.3.rel1.win32_1.0.200.202406191623/tools/bin/../lib/gcc/arm-none-eabi/12.3.1/../../../../arm-none-eabi/lib/thumb/v7-m/nofp\libc_nano.a(libc_a-stdio.o)
                              C:/ST/STM32CubeIDE_1.16.0/STM32CubeIDE/plugins/com.st.stm32cube.ide.mcu.externaltools.gnu-tools-for-stm32.12.3.rel1.win32_1.0.200.202406191623/tools/bin/../lib/gcc/arm-none-eabi/12.3.1/../../../../arm-none-eabi/lib/thumb/v7-m/nofp\libc_nano.a(libc_a-findfp.o) (__sread)
C:/ST/STM32CubeIDE_1.16.0/STM32CubeIDE/plugins/com.st.stm32cube.ide.mcu.externaltools.gnu-tools-for-stm32.12.3.rel1.win32_1.0.200.202406191623/tools/bin/../lib/gcc/arm-none-eabi/12.3.1/../../../../arm-none-eabi/lib/thumb/v7-m/nofp\libc_nano.a(libc_a-memset.o)
                              C:/ST/STM32CubeIDE_1.16.0/STM32CubeIDE/plugins/com.st.stm32cube.ide.mcu.externaltools.gnu-tools-for-stm32.12.3.rel1.win32_1.0.200.202406191623/tools/bin/../lib/gcc/arm-none-eabi/12.3.1/../../../../arm-none-eabi/lib/thumb/v7-m/nofp/crt0.o (memset)
C:/ST/STM32CubeIDE_1.16.0/STM32CubeIDE/plugins/com.st.stm32cube.ide.mcu.externaltools.gnu-tools-for-stm32.12.3.rel1.win32_1.0.200.202406191623/tools/bin/../lib/gcc/arm-none-eabi/12.3.1/../../../../arm-none-eabi/lib/thumb/v7-m/nofp\libc_nano.a(libc_a-closer.o)
                              C:/ST/STM32CubeIDE_1.16.0/STM32CubeIDE/plugins/com.st.stm32cube.ide.mcu.externaltools.gnu-tools-for-stm32.12.3.rel1.win32_1.0.200.202406191623/tools/bin/../lib/gcc/arm-none-eabi/12.3.1/../../../../arm-none-eabi/lib/thumb/v7-m/nofp\libc_nano.a(libc_a-stdio.o) (_close_r)
C:/ST/STM32CubeIDE_1.16.0/STM32CubeIDE/plugins/com.st.stm32cube.ide.mcu.externaltools.gnu-tools-for-stm32.12.3.rel1.win32_1.0.200.202406191623/tools/bin/../lib/gcc/arm-none-eabi/12.3.1/../../../../arm-none-eabi/lib/thumb/v7-m/nofp\libc_nano.a(libc_a-reent.o)
                              C:/ST/STM32CubeIDE_1.16.0/STM32CubeIDE/plugins/com.st.stm32cube.ide.mcu.externaltools.gnu-tools-for-stm32.12.3.rel1.win32_1.0.200.202406191623/tools/bin/../lib/gcc/arm-none-eabi/12.3.1/../../../../arm-none-eabi/lib/thumb/v7-m/nofp\libc_nano.a(libc_a-closer.o) (errno)
C:/ST/STM32CubeIDE_1.16.0/STM32CubeIDE/plugins/com.st.stm32cube.ide.mcu.externaltools.gnu-tools-for-stm32.12.3.rel1.win32_1.0.200.202406191623/tools/bin/../lib/gcc/arm-none-eabi/12.3.1/../../../../arm-none-eabi/lib/thumb/v7-m/nofp\libc_nano.a(libc_a-impure.o)
                              C:/ST/STM32CubeIDE_1.16.0/STM32CubeIDE/plugins/com.st.stm32cube.ide.mcu.externaltools.gnu-tools-for-stm32.12.3.rel1.win32_1.0.200.202406191623/tools/bin/../lib/gcc/arm-none-eabi/12.3.1/../../../../arm-none-eabi/lib/thumb/v7-m/nofp\libc_nano.a(libc_a-reent.o) (_impure_ptr)
C:/ST/STM32CubeIDE_1.16.0/STM32CubeIDE/plugins/com.st.stm32cube.ide.mcu.externaltools.gnu-tools-for-stm32.12.3.rel1.win32_1.0.200.202406191623/tools/bin/../lib/gcc/arm-none-eabi/12.3.1/../../../../arm-none-eabi/lib/thumb/v7-m/nofp\libc_nano.a(libc_a-lseekr.o)
[...]
Memory Configuration

Name             Origin             Length             Attributes
RAM              0x20000000         0x00005000         xrw
FLASH            0x08000000         0x00010000         xr
*default*        0x00000000         0xffffffff

Linker script and memory map

LOAD C:/ST/STM32CubeIDE_1.16.0/STM32CubeIDE/plugins/com.st.stm32cube.ide.mcu.externaltools.gnu-tools-for-stm32.12.3.rel1.win32_1.0.200.202406191623/tools/bin/../lib/gcc/arm-none-eabi/12.3.1/thumb/v7-m/nofp/crti.o
LOAD C:/ST/STM32CubeIDE_1.16.0/STM32CubeIDE/plugins/com.st.stm32cube.ide.mcu.externaltools.gnu-tools-for-stm32.12.3.rel1.win32_1.0.200.202406191623/tools/bin/../lib/gcc/arm-none-eabi/12.3.1/thumb/v7-m/nofp/crtbegin.o
LOAD C:/ST/STM32CubeIDE_1.16.0/STM32CubeIDE/plugins/com.st.stm32cube.ide.mcu.externaltools.gnu-tools-for-stm32.12.3.rel1.win32_1.0.200.202406191623/tools/bin/../lib/gcc/arm-none-eabi/12.3.1/../../../../arm-none-eabi/lib/thumb/v7-m/nofp/crt0.o
LOAD ./Core/Src/main.o
LOAD ./Core/Src/stm32f1xx_hal_msp.o
LOAD ./Core/Src/stm32f1xx_it.o
LOAD ./Core/Src/syscalls.o
LOAD ./Core/Src/sysmem.o
LOAD ./Core/Src/system_stm32f1xx.o
LOAD ./Core/Startup/startup_stm32f103c8tx.o
LOAD ./Drivers/STM32F1xx_HAL_Driver/Src/stm32f1xx_hal.o
LOAD ./Drivers/STM32F1xx_HAL_Driver/Src/stm32f1xx_hal_cortex.o
LOAD ./Drivers/STM32F1xx_HAL_Driver/Src/stm32f1xx_hal_dma.o
LOAD ./Drivers/STM32F1xx_HAL_Driver/Src/stm32f1xx_hal_exti.o
LOAD ./Drivers/STM32F1xx_HAL_Driver/Src/stm32f1xx_hal_flash.o
LOAD ./Drivers/STM32F1xx_HAL_Driver/Src/stm32f1xx_hal_flash_ex.o
LOAD ./Drivers/STM32F1xx_HAL_Driver/Src/stm32f1xx_hal_gpio.o
LOAD ./Drivers/STM32F1xx_HAL_Driver/Src/stm32f1xx_hal_gpio_ex.o
LOAD ./Drivers/STM32F1xx_HAL_Driver/Src/stm32f1xx_hal_pcd.o
LOAD ./Drivers/STM32F1xx_HAL_Driver/Src/stm32f1xx_hal_pcd_ex.o
LOAD ./Drivers/STM32F1xx_HAL_Driver/Src/stm32f1xx_hal_pwr.o
LOAD ./Drivers/STM32F1xx_HAL_Driver/Src/stm32f1xx_hal_rcc.o
LOAD ./Drivers/STM32F1xx_HAL_Driver/Src/stm32f1xx_hal_rcc_ex.o
LOAD ./Drivers/STM32F1xx_HAL_Driver/Src/stm32f1xx_hal_tim.o
LOAD ./Drivers/STM32F1xx_HAL_Driver/Src/stm32f1xx_hal_tim_ex.o
LOAD ./Drivers/STM32F1xx_HAL_Driver/Src/stm32f1xx_ll_usb.o
LOAD ./Middlewares/ST/STM32_USB_Device_Library/Class/HID/Src/usbd_hid.o
LOAD ./Middlewares/ST/STM32_USB_Device_Library/Core/Src/usbd_core.o
LOAD ./Middlewares/ST/STM32_USB_Device_Library/Core/Src/usbd_ctlreq.o
LOAD ./Middlewares/ST/STM32_USB_Device_Library/Core/Src/usbd_ioreq.o
LOAD ./USB_DEVICE/App/usb_device.o
LOAD ./USB_DEVICE/App/usbd_desc.o
LOAD ./USB_DEVICE/Target/usbd_conf.o
START GROUP
LOAD C:/ST/STM32CubeIDE_1.16.0/STM32CubeIDE/plugins/com.st.stm32cube.ide.mcu.externaltools.gnu-tools-for-stm32.12.3.rel1.win32_1.0.200.202406191623/tools/bin/../lib/gcc/arm-none-eabi/12.3.1/../../../../arm-none-eabi/lib/thumb/v7-m/nofp\libc_nano.a
LOAD C:/ST/STM32CubeIDE_1.16.0/STM32CubeIDE/plugins/com.st.stm32cube.ide.mcu.externaltools.gnu-tools-for-stm32.12.3.rel1.win32_1.0.200.202406191623/tools/bin/../lib/gcc/arm-none-eabi/12.3.1/../../../../arm-none-eabi/lib/thumb/v7-m/nofp\libm.a
END GROUP
START GROUP
LOAD C:/ST/STM32CubeIDE_1.16.0/STM32CubeIDE/plugins/com.st.stm32cube.ide.mcu.externaltools.gnu-tools-for-stm32.12.3.rel1.win32_1.0.200.202406191623/tools/bin/../lib/gcc/arm-none-eabi/12.3.1/thumb/v7-m/nofp\libgcc.a
LOAD C:/ST/STM32CubeIDE_1.16.0/STM32CubeIDE/plugins/com.st.stm32cube.ide.mcu.externaltools.gnu-tools-for-stm32.12.3.rel1.win32_1.0.200.202406191623/tools/bin/../lib/gcc/arm-none-eabi/12.3.1/../../../../arm-none-eabi/lib/thumb/v7-m/nofp\libc_nano.a
END GROUP
START GROUP
LOAD C:/ST/STM32CubeIDE_1.16.0/STM32CubeIDE/plugins/com.st.stm32cube.ide.mcu.externaltools.gnu-tools-for-stm32.12.3.rel1.win32_1.0.200.202406191623/tools/bin/../lib/gcc/arm-none-eabi/12.3.1/thumb/v7-m/nofp\libgcc.a
LOAD C:/ST/STM32CubeIDE_1.16.0/STM32CubeIDE/plugins/com.st.stm32cube.ide.mcu.externaltools.gnu-tools-for-stm32.12.3.rel1.win32_1.0.200.202406191623/tools/bin/../lib/gcc/arm-none-eabi/12.3.1/../../../../arm-none-eabi/lib/thumb/v7-m/nofp\libc_nano.a
LOAD C:/ST/STM32CubeIDE_1.16.0/STM32CubeIDE/plugins/com.st.stm32cube.ide.mcu.externaltools.gnu-tools-for-stm32.12.3.rel1.win32_1.0.200.202406191623/tools/bin/../lib/gcc/arm-none-eabi/12.3.1/../../../../arm-none-eabi/lib/thumb/v7-m/nofp\libnosys.a
END GROUP
START GROUP
LOAD C:/ST/STM32CubeIDE_1.16.0/STM32CubeIDE/plugins/com.st.stm32cube.ide.mcu.externaltools.gnu-tools-for-stm32.12.3.rel1.win32_1.0.200.202406191623/tools/bin/../lib/gcc/arm-none-eabi/12.3.1/thumb/v7-m/nofp\libgcc.a
LOAD C:/ST/STM32CubeIDE_1.16.0/STM32CubeIDE/plugins/com.st.stm32cube.ide.mcu.externaltools.gnu-tools-for-stm32.12.3.rel1.win32_1.0.200.202406191623/tools/bin/../lib/gcc/arm-none-eabi/12.3.1/../../../../arm-none-eabi/lib/thumb/v7-m/nofp\libc_nano.a
LOAD C:/ST/STM32CubeIDE_1.16.0/STM32CubeIDE/plugins/com.st.stm32cube.ide.mcu.externaltools.gnu-tools-for-stm32.12.3.rel1.win32_1.0.200.202406191623/tools/bin/../lib/gcc/arm-none-eabi/12.3.1/../../../../arm-none-eabi/lib/thumb/v7-m/nofp\libnosys.a
END GROUP
LOAD C:/ST/STM32CubeIDE_1.16.0/STM32CubeIDE/plugins/com.st.stm32cube.ide.mcu.externaltools.gnu-tools-for-stm32.12.3.rel1.win32_1.0.200.202406191623/tools/bin/../lib/gcc/arm-none-eabi/12.3.1/thumb/v7-m/nofp/crtend.o
LOAD C:/ST/STM32CubeIDE_1.16.0/STM32CubeIDE/plugins/com.st.stm32cube.ide.mcu.externaltools.gnu-tools-for-stm32.12.3.rel1.win32_1.0.200.202406191623/tools/bin/../lib/gcc/arm-none-eabi/12.3.1/thumb/v7-m/nofp/crtn.o
                0x20005000                        _estack = (ORIGIN (RAM) + LENGTH (RAM))
                0x00000200                        _Min_Heap_Size = 0x200
                0x00000400                        _Min_Stack_Size = 0x400

.isr_vector     0x08000000      0x10c
                0x08000000                        . = ALIGN (0x4)
 *(.isr_vector)
 .isr_vector    0x08000000      0x10c ./Core/Startup/startup_stm32f103c8tx.o
                0x08000000                g_pfnVectors
                0x0800010c                        . = ALIGN (0x4)

.text           0x0800010c     0x6d84
                0x0800010c                        . = ALIGN (0x4)
 *(.text)
 .text          0x0800010c       0x40 C:/ST/STM32CubeIDE_1.16.0/STM32CubeIDE/plugins/com.st.stm32cube.ide.mcu.externaltools.gnu-tools-for-stm32.12.3.rel1.win32_1.0.200.202406191623/tools/bin/../lib/gcc/arm-none-eabi/12.3.1/thumb/v7-m/nofp/crtbegin.o
 *(.text*)
 .text.main     0x0800014c       0xc8 ./Core/Src/main.o
                0x0800014c                main
 .text.SystemClock_Config
                0x08000214       0xb4 ./Core/Src/main.o
                0x08000214                SystemClock_Config
 .text.MX_GPIO_Init
                0x080002c8       0x44 ./Core/Src/main.o
 .text.Error_Handler
                0x0800030c        0xc ./Core/Src/main.o
                0x0800030c                Error_Handler
 .text.HAL_MspInit
                0x08000318       0x64 ./Core/Src/stm32f1xx_hal_msp.o
                0x08000318                HAL_MspInit
 .text.NMI_Handler
                0x0800037c        0x8 ./Core/Src/stm32f1xx_it.o
                0x0800037c                NMI_Handler
 .text.HardFault_Handler
                0x08000384        0x8 ./Core/Src/stm32f1xx_it.o
                0x08000384                HardFault_Handler
 .text.MemManage_Handler
                0x0800038c        0x8 ./Core/Src/stm32f1xx_it.o
                0x0800038c                MemManage_Handler
 .text.BusFault_Handler
                0x08000394        0x8 ./Core/Src/stm32f1xx_it.o
                0x08000394                BusFault_Handler
 .text.UsageFault_Handler
                0x0800039c        0x8 ./Core/Src/stm32f1xx_it.o
                0x0800039c                UsageFault_Handler
 .text.SVC_Handler
                0x080003a4        0xc ./Core/Src/stm32f1xx_it.o
                0x080003a4                SVC_Handler
 .text.DebugMon_Handler
                0x080003b0        0xc ./Core/Src/stm32f1xx_it.o
                0x080003b0                DebugMon_Handler
 .text.PendSV_Handler
                0x080003bc        0xc ./Core/Src/stm32f1xx_it.o
                0x080003bc                PendSV_Handler
 .text.SysTick_Handler
                0x080003c8        0xc ./Core/Src/stm32f1xx_it.o
                0x080003c8                SysTick_Handler
 .text.USB_LP_CAN1_RX0_IRQHandler
                0x080003d4       0x14 ./Core/Src/stm32f1xx_it.o
                0x080003d4                USB_LP_CAN1_RX0_IRQHandler
 .text.SystemInit
                0x080003e8        0xc ./Core/Src/system_stm32f1xx.o
                0x080003e8                SystemInit
 .text.Reset_Handler
                0x080003f4       0x48 ./Core/Startup/startup_stm32f103c8tx.o
                0x080003f4                Reset_Handler
 .text.Default_Handler
                0x0800043c        0x2 ./Core/Startup/startup_stm32f103c8tx.o
                0x0800043c                RTC_Alarm_IRQHandler
                0x0800043c                EXTI2_IRQHandler
                0x0800043c                TIM1_CC_IRQHandler
                0x0800043c                PVD_IRQHandler
                0x0800043c                EXTI3_IRQHandler
                0x0800043c                EXTI0_IRQHandler
                0x0800043c                I2C2_EV_IRQHandler
                0x0800043c                ADC1_2_IRQHandler
                0x0800043c                SPI1_IRQHandler
                0x0800043c                TAMPER_IRQHandler
                0x0800043c                DMA1_Channel4_IRQHandler
                0x0800043c                USART3_IRQHandler
                0x0800043c                RTC_IRQHandler
                0x0800043c                DMA1_Channel7_IRQHandler
                0x0800043c                CAN1_RX1_IRQHandler
                0x0800043c                TIM4_IRQHandler
                0x0800043c                I2C1_EV_IRQHandler
                0x0800043c                DMA1_Channel6_IRQHandler
                0x0800043c                TIM3_IRQHandler
                0x0800043c                RCC_IRQHandler
                0x0800043c                TIM1_TRG_COM_IRQHandler
                0x0800043c                DMA1_Channel1_IRQHandler
                0x0800043c                Default_Handler
                0x0800043c                EXTI15_10_IRQHandler
                0x0800043c                EXTI9_5_IRQHandler
                0x0800043c                SPI2_IRQHandler
                0x0800043c                DMA1_Channel5_IRQHandler
                0x0800043c                EXTI4_IRQHandler
                0x0800043c                USB_HP_CAN1_TX_IRQHandler
                0x0800043c                DMA1_Channel3_IRQHandler
                0x0800043c                TIM1_UP_IRQHandler
                0x0800043c                WWDG_IRQHandler
                0x0800043c                TIM2_IRQHandler
                0x0800043c                TIM1_BRK_IRQHandler
                0x0800043c                EXTI1_IRQHandler
                0x0800043c                USART2_IRQHandler
                0x0800043c                I2C2_ER_IRQHandler
                0x0800043c                DMA1_Channel2_IRQHandler
                0x0800043c                CAN1_SCE_IRQHandler
                0x0800043c                FLASH_IRQHandler
                0x0800043c                USART1_IRQHandler
                0x0800043c                I2C1_ER_IRQHandler
                0x0800043c                USBWakeUp_IRQHandler
 *fill*         0x0800043e        0x2 
 .text.HAL_Init
                0x08000440       0x2c ./Drivers/STM32F1xx_HAL_Driver/Src/stm32f1xx_hal.o
                0x08000440                HAL_Init
 .text.HAL_InitTick
                0x0800046c       0x60 ./Drivers/STM32F1xx_HAL_Driver/Src/stm32f1xx_hal.o
                0x0800046c                HAL_InitTick
 .text.HAL_IncTick
                0x080004cc       0x24 ./Drivers/STM32F1xx_HAL_Driver/Src/stm32f1xx_hal.o
                0x080004cc                HAL_IncTick
 .text.HAL_GetTick
                0x080004f0       0x14 ./Drivers/STM32F1xx_HAL_Driver/Src/stm32f1xx_hal.o
                0x080004f0                HAL_GetTick
 .text.HAL_Delay
                0x08000504       0x48 ./Drivers/STM32F1xx_HAL_Driver/Src/stm32f1xx_hal.o
                0x08000504                HAL_Delay
 .text.__NVIC_SetPriorityGrouping
                0x0800054c       0x48 ./Drivers/STM32F1xx_HAL_Driver/Src/stm32f1xx_hal_cortex.o
 .text.__NVIC_GetPriorityGrouping
                0x08000594       0x1c ./Drivers/STM32F1xx_HAL_Driver/Src/stm32f1xx_hal_cortex.o
 .text.__NVIC_EnableIRQ
                0x080005b0       0x38 ./Drivers/STM32F1xx_HAL_Driver/Src/stm32f1xx_hal_cortex.o
 .text.__NVIC_SetPriority
                0x080005e8       0x54 ./Drivers/STM32F1xx_HAL_Driver/Src/stm32f1xx_hal_cortex.o
 .text.NVIC_EncodePriority
                0x0800063c       0x64 ./Drivers/STM32F1xx_HAL_Driver/Src/stm32f1xx_hal_cortex.o
 .text.SysTick_Config
                0x080006a0       0x44 ./Drivers/STM32F1xx_HAL_Driver/Src/stm32f1xx_hal_cortex.o
 .text.HAL_NVIC_SetPriorityGrouping
                0x080006e4       0x16 ./Drivers/STM32F1xx_HAL_Driver/Src/stm32f1xx_hal_cortex.o
                0x080006e4                HAL_NVIC_SetPriorityGrouping
 .text.HAL_NVIC_SetPriority
                0x080006fa       0x38 ./Drivers/STM32F1xx_HAL_Driver/Src/stm32f1xx_hal_cortex.o
                0x080006fa                HAL_NVIC_SetPriority
 .text.HAL_NVIC_EnableIRQ
                0x08000732       0x1c ./Drivers/STM32F1xx_HAL_Driver/Src/stm32f1xx_hal_cortex.o
                0x08000732                HAL_NVIC_EnableIRQ
 .text.HAL_SYSTICK_Config
                0x0800074e       0x18 ./Drivers/STM32F1xx_HAL_Driver/Src/stm32f1xx_hal_cortex.o
                0x0800074e                HAL_SYSTICK_Config
 .text.HAL_PCD_Init
                0x08000766      0x1ec ./Drivers/STM32F1xx_HAL_Driver/Src/stm32f1xx_hal_pcd.o
                0x08000766                HAL_PCD_Init
 .text.HAL_PCD_Start
                0x08000952       0x4c ./Drivers/STM32F1xx_HAL_Driver/Src/stm32f1xx_hal_pcd.o
                0x08000952                HAL_PCD_Start
 .text.HAL_PCD_IRQHandler
                0x0800099e      0x260 ./Drivers/STM32F1xx_HAL_Driver/Src/stm32f1xx_hal_pcd.o
                0x0800099e                HAL_PCD_IRQHandler
 .text.HAL_PCD_SetAddress
                0x08000bfe       0x48 ./Drivers/STM32F1xx_HAL_Driver/Src/stm32f1xx_hal_pcd.o
                0x08000bfe                HAL_PCD_SetAddress
 .text.HAL_PCD_EP_Open
                0x08000c46       0xba ./Drivers/STM32F1xx_HAL_Driver/Src/stm32f1xx_hal_pcd.o
                0x08000c46                HAL_PCD_EP_Open
 .text.HAL_PCD_EP_Close
                0x08000d00       0x90 ./Drivers/STM32F1xx_HAL_Driver/Src/stm32f1xx_hal_pcd.o
                0x08000d00                HAL_PCD_EP_Close
 .text.HAL_PCD_EP_Receive
                0x08000d90       0x62 ./Drivers/STM32F1xx_HAL_Driver/Src/stm32f1xx_hal_pcd.o
                0x08000d90                HAL_PCD_EP_Receive
 .text.HAL_PCD_EP_Transmit
                0x08000df2       0x6e ./Drivers/STM32F1xx_HAL_Driver/Src/stm32f1xx_hal_pcd.o
                0x08000df2                HAL_PCD_EP_Transmit
 .text.HAL_PCD_EP_SetStall
                0x08000e60       0xc0 ./Drivers/STM32F1xx_HAL_Driver/Src/stm32f1xx_hal_pcd.o
                0x08000e60                HAL_PCD_EP_SetStall
 .text.HAL_PCD_EP_ClrStall
                0x08000f20       0xa8 ./Drivers/STM32F1xx_HAL_Driver/Src/stm32f1xx_hal_pcd.o
                0x08000f20                HAL_PCD_EP_ClrStall
 .text.PCD_EP_ISR_Handler
                0x08000fc8      0x79e ./Drivers/STM32F1xx_HAL_Driver/Src/stm32f1xx_hal_pcd.o
 .text.HAL_PCD_EP_DB_Receive
                0x08001766      0x21a ./Drivers/STM32F1xx_HAL_Driver/Src/stm32f1xx_hal_pcd.o
 .text.HAL_PCD_EP_DB_Transmit
                0x08001980      0x7f4 ./Drivers/STM32F1xx_HAL_Driver/Src/stm32f1xx_hal_pcd.o
 .text.HAL_PCDEx_PMAConfig
                0x08002174       0x84 ./Drivers/STM32F1xx_HAL_Driver/Src/stm32f1xx_hal_pcd_ex.o
                0x08002174                HAL_PCDEx_PMAConfig
 .text.HAL_RCC_OscConfig
                0x080021f8      0x504 ./Drivers/STM32F1xx_HAL_Driver/Src/stm32f1xx_hal_rcc.o
                0x080021f8                HAL_RCC_OscConfig
 .text.HAL_RCC_ClockConfig
                0x080026fc      0x1d4 ./Drivers/STM32F1xx_HAL_Driver/Src/stm32f1xx_hal_rcc.o
                0x080026fc                HAL_RCC_ClockConfig
 .text.HAL_RCC_GetSysClockFreq
                0x080028d0       0xa8 ./Drivers/STM32F1xx_HAL_Driver/Src/stm32f1xx_hal_rcc.o
                0x080028d0                HAL_RCC_GetSysClockFreq
 .text.RCC_Delay
                0x08002978       0x3c ./Drivers/STM32F1xx_HAL_Driver/Src/stm32f1xx_hal_rcc.o
 .text.HAL_RCCEx_PeriphCLKConfig
                0x080029b4      0x16c ./Drivers/STM32F1xx_HAL_Driver/Src/stm32f1xx_hal_rcc_ex.o
                0x080029b4                HAL_RCCEx_PeriphCLKConfig
 .text.USB_CoreInit
                0x08002b20       0x1a ./Drivers/STM32F1xx_HAL_Driver/Src/stm32f1xx_ll_usb.o
                0x08002b20                USB_CoreInit
 .text.USB_EnableGlobalInt
                0x08002b3a       0x2c ./Drivers/STM32F1xx_HAL_Driver/Src/stm32f1xx_ll_usb.o
                0x08002b3a                USB_EnableGlobalInt
 .text.USB_DisableGlobalInt
                0x08002b66       0x34 ./Drivers/STM32F1xx_HAL_Driver/Src/stm32f1xx_ll_usb.o
                0x08002b66                USB_DisableGlobalInt
 .text.USB_SetCurrentMode
                0x08002b9a       0x18 ./Drivers/STM32F1xx_HAL_Driver/Src/stm32f1xx_ll_usb.o
                0x08002b9a                USB_SetCurrentMode
 .text.USB_DevInit
                0x08002bb2       0x3a ./Drivers/STM32F1xx_HAL_Driver/Src/stm32f1xx_ll_usb.o
                0x08002bb2                USB_DevInit
 .text.USB_ActivateEndpoint
                0x08002bec      0x780 ./Drivers/STM32F1xx_HAL_Driver/Src/stm32f1xx_ll_usb.o
                0x08002bec                USB_ActivateEndpoint
 .text.USB_DeactivateEndpoint
                0x0800336c      0x3d8 ./Drivers/STM32F1xx_HAL_Driver/Src/stm32f1xx_ll_usb.o
                0x0800336c                USB_DeactivateEndpoint
 .text.USB_EPStartXfer
                0x08003744     0x1762 ./Drivers/STM32F1xx_HAL_Driver/Src/stm32f1xx_ll_usb.o
                0x08003744                USB_EPStartXfer
 .text.USB_EPSetStall
                0x08004ea6       0xa0 ./Drivers/STM32F1xx_HAL_Driver/Src/stm32f1xx_ll_usb.o
                0x08004ea6                USB_EPSetStall
 .text.USB_EPClearStall
                0x08004f46      0x15a ./Drivers/STM32F1xx_HAL_Driver/Src/stm32f1xx_ll_usb.o
                0x08004f46                USB_EPClearStall
 .text.USB_SetDevAddress
                0x080050a0       0x26 ./Drivers/STM32F1xx_HAL_Driver/Src/stm32f1xx_ll_usb.o
                0x080050a0                USB_SetDevAddress
 .text.USB_DevConnect
                0x080050c6       0x14 ./Drivers/STM32F1xx_HAL_Driver/Src/stm32f1xx_ll_usb.o
                0x080050c6                USB_DevConnect
 .text.USB_DevDisconnect
                0x080050da       0x14 ./Drivers/STM32F1xx_HAL_Driver/Src/stm32f1xx_ll_usb.o
                0x080050da                USB_DevDisconnect
 .text.USB_ReadInterrupts
                0x080050ee       0x1e ./Drivers/STM32F1xx_HAL_Driver/Src/stm32f1xx_ll_usb.o
                0x080050ee                USB_ReadInterrupts
 .text.USB_EP0_OutStart
                0x0800510c       0x16 ./Drivers/STM32F1xx_HAL_Driver/Src/stm32f1xx_ll_usb.o
                0x0800510c                USB_EP0_OutStart
 .text.USB_WritePMA
                0x08005122       0x8a ./Drivers/STM32F1xx_HAL_Driver/Src/stm32f1xx_ll_usb.o
                0x08005122                USB_WritePMA
 .text.USB_ReadPMA
                0x080051ac       0x9e ./Drivers/STM32F1xx_HAL_Driver/Src/stm32f1xx_ll_usb.o
                0x080051ac                USB_ReadPMA
 .text.USBD_HID_Init
                0x0800524a       0x4e ./Middlewares/ST/STM32_USB_Device_Library/Class/HID/Src/usbd_hid.o
 .text.USBD_HID_DeInit
                0x08005298       0x42 ./Middlewares/ST/STM32_USB_Device_Library/Class/HID/Src/usbd_hid.o
 *fill*         0x080052da        0x2 
 .text.USBD_HID_Setup
                0x080052dc      0x1fc ./Middlewares/ST/STM32_USB_Device_Library/Class/HID/Src/usbd_hid.o
 .text.USBD_HID_SendReport
                0x080054d8       0x44 ./Middlewares/ST/STM32_USB_Device_Library/Class/HID/Src/usbd_hid.o
                0x080054d8                USBD_HID_SendReport
 .text.USBD_HID_GetFSCfgDesc
                0x0800551c       0x20 ./Middlewares/ST/STM32_USB_Device_Library/Class/HID/Src/usbd_hid.o
 .text.USBD_HID_GetHSCfgDesc
                0x0800553c       0x20 ./Middlewares/ST/STM32_USB_Device_Library/Class/HID/Src/usbd_hid.o
 .text.USBD_HID_GetOtherSpeedCfgDesc
                0x0800555c       0x20 ./Middlewares/ST/STM32_USB_Device_Library/Class/HID/Src/usbd_hid.o
 .text.USBD_HID_DataIn
                0x0800557c       0x22 ./Middlewares/ST/STM32_USB_Device_Library/Class/HID/Src/usbd_hid.o
 *fill*         0x0800559e        0x2 
 .text.USBD_HID_GetDeviceQualifierDesc
                0x080055a0       0x20 ./Middlewares/ST/STM32_USB_Device_Library/Class/HID/Src/usbd_hid.o
 .text.USBD_Init
                0x080055c0       0x56 ./Middlewares/ST/STM32_USB_Device_Library/Core/Src/usbd_core.o
                0x080055c0                USBD_Init
 .text.USBD_RegisterClass
                0x08005616       0x32 ./Middlewares/ST/STM32_USB_Device_Library/Core/Src/usbd_core.o
                0x08005616                USBD_RegisterClass
 .text.USBD_Start
                0x08005648       0x18 ./Middlewares/ST/STM32_USB_Device_Library/Core/Src/usbd_core.o
                0x08005648                USBD_Start
 .text.USBD_RunTestMode
                0x08005660       0x14 ./Middlewares/ST/STM32_USB_Device_Library/Core/Src/usbd_core.o
                0x08005660                USBD_RunTestMode
 .text.USBD_SetClassConfig
                0x08005674       0x3e ./Middlewares/ST/STM32_USB_Device_Library/Core/Src/usbd_core.o
                0x08005674                USBD_SetClassConfig
 .text.USBD_ClrClassConfig
                0x080056b2       0x26 ./Middlewares/ST/STM32_USB_Device_Library/Core/Src/usbd_core.o
                0x080056b2                USBD_ClrClassConfig
 .text.USBD_LL_SetupStage
                0x080056d8       0x9a ./Middlewares/ST/STM32_USB_Device_Library/Core/Src/usbd_core.o
                0x080056d8                USBD_LL_SetupStage
 .text.USBD_LL_DataOutStage
                0x08005772       0xe2 ./Middlewares/ST/STM32_USB_Device_Library/Core/Src/usbd_core.o
                0x08005772                USBD_LL_DataOutStage
 .text.USBD_LL_DataInStage
                0x08005854      0x14a ./Middlewares/ST/STM32_USB_Device_Library/Core/Src/usbd_core.o
                0x08005854                USBD_LL_DataInStage
 .text.USBD_LL_Reset
                0x0800599e       0x82 ./Middlewares/ST/STM32_USB_Device_Library/Core/Src/usbd_core.o
                0x0800599e                USBD_LL_Reset
 .text.USBD_LL_SetSpeed
                0x08005a20       0x1e ./Middlewares/ST/STM32_USB_Device_Library/Core/Src/usbd_core.o
                0x08005a20                USBD_LL_SetSpeed
 .text.USBD_LL_Suspend
                0x08005a3e       0x28 ./Middlewares/ST/STM32_USB_Device_Library/Core/Src/usbd_core.o
                0x08005a3e                USBD_LL_Suspend
 .text.USBD_LL_Resume
                0x08005a66       0x2a ./Middlewares/ST/STM32_USB_Device_Library/Core/Src/usbd_core.o
                0x08005a66                USBD_LL_Resume
 .text.USBD_LL_SOF
                0x08005a90       0x34 ./Middlewares/ST/STM32_USB_Device_Library/Core/Src/usbd_core.o
                0x08005a90                USBD_LL_SOF
 .text.USBD_StdDevReq
                0x08005ac4       0xd4 ./Middlewares/ST/STM32_USB_Device_Library/Core/Src/usbd_ctlreq.o
                0x08005ac4                USBD_StdDevReq
 .text.USBD_StdItfReq
                0x08005b98       0x90 ./Middlewares/ST/STM32_USB_Device_Library/Core/Src/usbd_ctlreq.o
                0x08005b98                USBD_StdItfReq
 .text.USBD_StdEPReq
                0x08005c28      0x2c6 ./Middlewares/ST/STM32_USB_Device_Library/Core/Src/usbd_ctlreq.o
                0x08005c28                USBD_StdEPReq
 *fill*         0x08005eee        0x2 
 .text.USBD_GetDescriptor
                0x08005ef0      0x2d0 ./Middlewares/ST/STM32_USB_Device_Library/Core/Src/usbd_ctlreq.o
 .text.USBD_SetAddress
                0x080061c0       0x86 ./Middlewares/ST/STM32_USB_Device_Library/Core/Src/usbd_ctlreq.o
 *fill*         0x08006246        0x2 
 .text.USBD_SetConfig
                0x08006248      0x11c ./Middlewares/ST/STM32_USB_Device_Library/Core/Src/usbd_ctlreq.o
 .text.USBD_GetConfig
                0x08006364       0x6a ./Middlewares/ST/STM32_USB_Device_Library/Core/Src/usbd_ctlreq.o
 .text.USBD_GetStatus
                0x080063ce       0x66 ./Middlewares/ST/STM32_USB_Device_Library/Core/Src/usbd_ctlreq.o
 .text.USBD_SetFeature
                0x08006434       0x28 ./Middlewares/ST/STM32_USB_Device_Library/Core/Src/usbd_ctlreq.o
 .text.USBD_ClrFeature
                0x0800645c       0x42 ./Middlewares/ST/STM32_USB_Device_Library/Core/Src/usbd_ctlreq.o
 .text.USBD_ParseSetupRequest
                0x0800649e       0x72 ./Middlewares/ST/STM32_USB_Device_Library/Core/Src/usbd_ctlreq.o
                0x0800649e                USBD_ParseSetupRequest
 .text.USBD_CtlError
                0x08006510       0x22 ./Middlewares/ST/STM32_USB_Device_Library/Core/Src/usbd_ctlreq.o
                0x08006510                USBD_CtlError
 .text.USBD_GetString
                0x08006532       0x84 ./Middlewares/ST/STM32_USB_Device_Library/Core/Src/usbd_ctlreq.o
                0x08006532                USBD_GetString
 .text.USBD_GetLen
                0x080065b6       0x2e ./Middlewares/ST/STM32_USB_Device_Library/Core/Src/usbd_ctlreq.o
 .text.USBD_CtlSendData
                0x080065e4       0x38 ./Middlewares/ST/STM32_USB_Device_Library/Core/Src/usbd_ioreq.o
                0x080065e4                USBD_CtlSendData
 .text.USBD_CtlContinueSendData
                0x0800661c       0x24 ./Middlewares/ST/STM32_USB_Device_Library/Core/Src/usbd_ioreq.o
                0x0800661c                USBD_CtlContinueSendData
 .text.USBD_CtlContinueRx
                0x08006640       0x24 ./Middlewares/ST/STM32_USB_Device_Library/Core/Src/usbd_ioreq.o
                0x08006640                USBD_CtlContinueRx
 .text.USBD_CtlSendStatus
                0x08006664       0x26 ./Middlewares/ST/STM32_USB_Device_Library/Core/Src/usbd_ioreq.o
                0x08006664                USBD_CtlSendStatus
 .text.USBD_CtlReceiveStatus
                0x0800668a       0x26 ./Middlewares/ST/STM32_USB_Device_Library/Core/Src/usbd_ioreq.o
                0x0800668a                USBD_CtlReceiveStatus
 .text.MX_USB_DEVICE_Init
                0x080066b0       0x4c ./USB_DEVICE/App/usb_device.o
                0x080066b0                MX_USB_DEVICE_Init
 .text.USBD_FS_DeviceDescriptor
                0x080066fc       0x24 ./USB_DEVICE/App/usbd_desc.o
                0x080066fc                USBD_FS_DeviceDescriptor
 .text.USBD_FS_LangIDStrDescriptor
                0x08006720       0x24 ./USB_DEVICE/App/usbd_desc.o
                0x08006720                USBD_FS_LangIDStrDescriptor
 .text.USBD_FS_ProductStrDescriptor
                0x08006744       0x3c ./USB_DEVICE/App/usbd_desc.o
                0x08006744                USBD_FS_ProductStrDescriptor
 .text.USBD_FS_ManufacturerStrDescriptor
                0x08006780       0x28 ./USB_DEVICE/App/usbd_desc.o
                0x08006780                USBD_FS_ManufacturerStrDescriptor
 .text.USBD_FS_SerialStrDescriptor
                0x080067a8       0x24 ./USB_DEVICE/App/usbd_desc.o
                0x080067a8                USBD_FS_SerialStrDescriptor
 .text.USBD_FS_ConfigStrDescriptor
                0x080067cc       0x3c ./USB_DEVICE/App/usbd_desc.o
                0x080067cc                USBD_FS_ConfigStrDescriptor
 .text.USBD_FS_InterfaceStrDescriptor
                0x08006808       0x3c ./USB_DEVICE/App/usbd_desc.o
                0x08006808                USBD_FS_InterfaceStrDescriptor
 .text.Get_SerialNum
                0x08006844       0x58 ./USB_DEVICE/App/usbd_desc.o
 .text.IntToUnicode
                0x0800689c       0x7c ./USB_DEVICE/App/usbd_desc.o
 .text.HAL_PCD_MspInit
                0x08006918       0x4c ./USB_DEVICE/Target/usbd_conf.o
                0x08006918                HAL_PCD_MspInit
 .text.HAL_PCD_SetupStageCallback
                0x08006964       0x24 ./USB_DEVICE/Target/usbd_conf.o
                0x08006964                HAL_PCD_SetupStageCallback
 .text.HAL_PCD_DataOutStageCallback
                0x08006988       0x36 ./USB_DEVICE/Target/usbd_conf.o
                0x08006988                HAL_PCD_DataOutStageCallback
 .text.HAL_PCD_DataInStageCallback
                0x080069be       0x34 ./USB_DEVICE/Target/usbd_conf.o
                0x080069be                HAL_PCD_DataInStageCallback
 .text.HAL_PCD_SOFCallback
                0x080069f2       0x1c ./USB_DEVICE/Target/usbd_conf.o
                0x080069f2                HAL_PCD_SOFCallback
 .text.HAL_PCD_ResetCallback
                0x08006a0e       0x3c ./USB_DEVICE/Target/usbd_conf.o
                0x08006a0e                HAL_PCD_ResetCallback
 *fill*         0x08006a4a        0x2 
 .text.HAL_PCD_SuspendCallback
                0x08006a4c       0x34 ./USB_DEVICE/Target/usbd_conf.o
                0x08006a4c                HAL_PCD_SuspendCallback
 .text.HAL_PCD_ResumeCallback
                0x08006a80       0x1c ./USB_DEVICE/Target/usbd_conf.o
                0x08006a80                HAL_PCD_ResumeCallback
 .text.USBD_LL_Init
                0x08006a9c       0x90 ./USB_DEVICE/Target/usbd_conf.o
                0x08006a9c                USBD_LL_Init
 .text.USBD_LL_Start
                0x08006b2c       0x36 ./USB_DEVICE/Target/usbd_conf.o
                0x08006b2c                USBD_LL_Start
 .text.USBD_LL_OpenEP
                0x08006b62       0x4c ./USB_DEVICE/Target/usbd_conf.o
                0x08006b62                USBD_LL_OpenEP
 .text.USBD_LL_CloseEP
                0x08006bae       0x3e ./USB_DEVICE/Target/usbd_conf.o
                0x08006bae                USBD_LL_CloseEP
 .text.USBD_LL_StallEP
                0x08006bec       0x3e ./USB_DEVICE/Target/usbd_conf.o
                0x08006bec                USBD_LL_StallEP
 .text.USBD_LL_ClearStallEP
                0x08006c2a       0x3e ./USB_DEVICE/Target/usbd_conf.o
                0x08006c2a                USBD_LL_ClearStallEP
 .text.USBD_LL_IsStallEP
                0x08006c68       0x56 ./USB_DEVICE/Target/usbd_conf.o
                0x08006c68                USBD_LL_IsStallEP
 .text.USBD_LL_SetUSBAddress
                0x08006cbe       0x3e ./USB_DEVICE/Target/usbd_conf.o
                0x08006cbe                USBD_LL_SetUSBAddress
 .text.USBD_LL_Transmit
                0x08006cfc       0x46 ./USB_DEVICE/Target/usbd_conf.o
                0x08006cfc                USBD_LL_Transmit
 .text.USBD_LL_PrepareReceive
                0x08006d42       0x46 ./USB_DEVICE/Target/usbd_conf.o
                0x08006d42                USBD_LL_PrepareReceive
 .text.USBD_static_malloc
                0x08006d88       0x18 ./USB_DEVICE/Target/usbd_conf.o
                0x08006d88                USBD_static_malloc
 .text.USBD_static_free
                0x08006da0       0x12 ./USB_DEVICE/Target/usbd_conf.o
                0x08006da0                USBD_static_free
 .text.HAL_PCDEx_SetConnectionState
                0x08006db2       0x16 ./USB_DEVICE/Target/usbd_conf.o
                0x08006db2                HAL_PCDEx_SetConnectionState
 .text.USBD_Get_USB_Status
                0x08006dc8       0x58 ./USB_DEVICE/Target/usbd_conf.o
 .text.memset   0x08006e20       0x10 C:/ST/STM32CubeIDE_1.16.0/STM32CubeIDE/plugins/com.st.stm32cube.ide.mcu.externaltools.gnu-tools-for-stm32.12.3.rel1.win32_1.0.200.202406191623/tools/bin/../lib/gcc/arm-none-eabi/12.3.1/../../../../arm-none-eabi/lib/thumb/v7-m/nofp\libc_nano.a(libc_a-memset.o)
                0x08006e20                memset
 .text.__libc_init_array
                0x08006e30       0x48 C:/ST/STM32CubeIDE_1.16.0/STM32CubeIDE/plugins/com.st.stm32cube.ide.mcu.externaltools.gnu-tools-for-stm32.12.3.rel1.win32_1.0.200.202406191623/tools/bin/../lib/gcc/arm-none-eabi/12.3.1/../../../../arm-none-eabi/lib/thumb/v7-m/nofp\libc_nano.a(libc_a-init.o)
                0x08006e30                __libc_init_array
 *(.glue_7)
 .glue_7        0x08006e78        0x0 linker stubs
 *(.glue_7t)
 .glue_7t       0x08006e78        0x0 linker stubs
 *(.eh_frame)
 .eh_frame      0x08006e78        0x0 C:/ST/STM32CubeIDE_1.16.0/STM32CubeIDE/plugins/com.st.stm32cube.ide.mcu.externaltools.gnu-tools-for-stm32.12.3.rel1.win32_1.0.200.202406191623/tools/bin/../lib/gcc/arm-none-eabi/12.3.1/thumb/v7-m/nofp/crtbegin.o
 *(.init)
 .init          0x08006e78        0x4 C:/ST/STM32CubeIDE_1.16.0/STM32CubeIDE/plugins/com.st.stm32cube.ide.mcu.externaltools.gnu-tools-for-stm32.12.3.rel1.win32_1.0.200.202406191623/tools/bin/../lib/gcc/arm-none-eabi/12.3.1/thumb/v7-m/nofp/crti.o
                0x08006e78                _init
 .init          0x08006e7c        0x8 C:/ST/STM32CubeIDE_1.16.0/STM32CubeIDE/plugins/com.st.stm32cube.ide.mcu.externaltools.gnu-tools-for-stm32.12.3.rel1.win32_1.0.200.202406191623/tools/bin/../lib/gcc/arm-none-eabi/12.3.1/thumb/v7-m/nofp/crtn.o
 *(.fini)
 .fini          0x08006e84        0x4 C:/ST/STM32CubeIDE_1.16.0/STM32CubeIDE/plugins/com.st.stm32cube.ide.mcu.externaltools.gnu-tools-for-stm32.12.3.rel1.win32_1.0.200.202406191623/tools/bin/../lib/gcc/arm-none-eabi/12.3.1/thumb/v7-m/nofp/crti.o
                0x08006e84                _fini
 .fini          0x08006e88        0x8 C:/ST/STM32CubeIDE_1.16.0/STM32CubeIDE/plugins/com.st.stm32cube.ide.mcu.externaltools.gnu-tools-for-stm32.12.3.rel1.win32_1.0.200.202406191623/tools/bin/../lib/gcc/arm-none-eabi/12.3.1/thumb/v7-m/nofp/crtn.o
                0x08006e90                        . = ALIGN (0x4)
                0x08006e90                        _etext = .

.vfp11_veneer   0x08006e90        0x0
 .vfp11_veneer  0x08006e90        0x0 linker stubs

.v4_bx          0x08006e90        0x0
 .v4_bx         0x08006e90        0x0 linker stubs

.iplt           0x08006e90        0x0
 .iplt          0x08006e90        0x0 C:/ST/STM32CubeIDE_1.16.0/STM32CubeIDE/plugins/com.st.stm32cube.ide.mcu.externaltools.gnu-tools-for-stm32.12.3.rel1.win32_1.0.200.202406191623/tools/bin/../lib/gcc/arm-none-eabi/12.3.1/thumb/v7-m/nofp/crtbegin.o

.rodata         0x08006e90       0x6c
                0x08006e90                        . = ALIGN (0x4)
 *(.rodata)
 .rodata        0x08006e90       0x46 ./USB_DEVICE/App/usbd_desc.o
 *(.rodata*)
 *fill*         0x08006ed6        0x2 
 .rodata.AHBPrescTable
                0x08006ed8       0x10 ./Core/Src/system_stm32f1xx.o
                0x08006ed8                AHBPrescTable
 .rodata.aPLLMULFactorTable.1
                0x08006ee8       0x10 ./Drivers/STM32F1xx_HAL_Driver/Src/stm32f1xx_hal_rcc.o
 .rodata.aPredivFactorTable.0
                0x08006ef8        0x2 ./Drivers/STM32F1xx_HAL_Driver/Src/stm32f1xx_hal_rcc.o
                0x08006efc                        . = ALIGN (0x4)
 *fill*         0x08006efa        0x2 

.ARM.extab      0x08006efc        0x0
                0x08006efc                        . = ALIGN (0x4)
 *(.ARM.extab* .gnu.linkonce.armextab.*)
                0x08006efc                        . = ALIGN (0x4)

.ARM            0x08006efc        0x0
                0x08006efc                        . = ALIGN (0x4)
                0x08006efc                        __exidx_start = .
 *(.ARM.exidx*)
                0x08006efc                        __exidx_end = .
                0x08006efc                        . = ALIGN (0x4)

.preinit_array  0x08006efc        0x0
                0x08006efc                        . = ALIGN (0x4)
                0x08006efc                        PROVIDE (__preinit_array_start = .)
 *(.preinit_array*)
                0x08006efc                        PROVIDE (__preinit_array_end = .)
                0x08006efc                        . = ALIGN (0x4)

.init_array     0x08006efc        0x4
                0x08006efc                        . = ALIGN (0x4)
                0x08006efc                        PROVIDE (__init_array_start = .)
 *(SORT_BY_NAME(.init_array.*))
 *(.init_array*)
 .init_array    0x08006efc        0x4 C:/ST/STM32CubeIDE_1.16.0/STM32CubeIDE/plugins/com.st.stm32cube.ide.mcu.externaltools.gnu-tools-for-stm32.12.3.rel1.win32_1.0.200.202406191623/tools/bin/../lib/gcc/arm-none-eabi/12.3.1/thumb/v7-m/nofp/crtbegin.o
                0x08006f00                        PROVIDE (__init_array_end = .)
                0x08006f00                        . = ALIGN (0x4)

.fini_array     0x08006f00        0x4
                0x08006f00                        . = ALIGN (0x4)
                [!provide]                        PROVIDE (__fini_array_start = .)
 *(SORT_BY_NAME(.fini_array.*))
 *(.fini_array*)
 .fini_array    0x08006f00        0x4 C:/ST/STM32CubeIDE_1.16.0/STM32CubeIDE/plugins/com.st.stm32cube.ide.mcu.externaltools.gnu-tools-for-stm32.12.3.rel1.win32_1.0.200.202406191623/tools/bin/../lib/gcc/arm-none-eabi/12.3.1/thumb/v7-m/nofp/crtbegin.o
                [!provide]                        PROVIDE (__fini_array_end = .)
                0x08006f04                        . = ALIGN (0x4)
                0x08006f04                        _sidata = LOADADDR (.data)

.rel.dyn        0x08006f04        0x0
 .rel.iplt      0x08006f04        0x0 C:/ST/STM32CubeIDE_1.16.0/STM32CubeIDE/plugins/com.st.stm32cube.ide.mcu.externaltools.gnu-tools-for-stm32.12.3.rel1.win32_1.0.200.202406191623/tools/bin/../lib/gcc/arm-none-eabi/12.3.1/thumb/v7-m/nofp/crtbegin.o

.data           0x20000000      0x1d4 load address 0x08006f04
                0x20000000                        . = ALIGN (0x4)
                0x20000000                        _sdata = .
 *(.data)
 *(.data*)
 .data.SystemCoreClock
                0x20000000        0x4 ./Core/Src/system_stm32f1xx.o
                0x20000000                SystemCoreClock
 .data.uwTickPrio
                0x20000004        0x4 ./Drivers/STM32F1xx_HAL_Driver/Src/stm32f1xx_hal.o
                0x20000004                uwTickPrio
 .data.uwTickFreq
                0x20000008        0x1 ./Drivers/STM32F1xx_HAL_Driver/Src/stm32f1xx_hal.o
                0x20000008                uwTickFreq
 *fill*         0x20000009        0x3 
 .data.USBD_HID
                0x2000000c       0x38 ./Middlewares/ST/STM32_USB_Device_Library/Class/HID/Src/usbd_hid.o
                0x2000000c                USBD_HID
 .data.USBD_HID_CfgFSDesc
                0x20000044       0x22 ./Middlewares/ST/STM32_USB_Device_Library/Class/HID/Src/usbd_hid.o
 *fill*         0x20000066        0x2 
 .data.USBD_HID_CfgHSDesc
                0x20000068       0x22 ./Middlewares/ST/STM32_USB_Device_Library/Class/HID/Src/usbd_hid.o
 *fill*         0x2000008a        0x2 
 .data.USBD_HID_OtherSpeedCfgDesc
                0x2000008c       0x22 ./Middlewares/ST/STM32_USB_Device_Library/Class/HID/Src/usbd_hid.o
 *fill*         0x200000ae        0x2 
 .data.USBD_HID_Desc
                0x200000b0        0x9 ./Middlewares/ST/STM32_USB_Device_Library/Class/HID/Src/usbd_hid.o
 *fill*         0x200000b9        0x3 
 .data.USBD_HID_DeviceQualifierDesc
                0x200000bc        0xa ./Middlewares/ST/STM32_USB_Device_Library/Class/HID/Src/usbd_hid.o
 *fill*         0x200000c6        0x2 
 .data.HID_MOUSE_ReportDesc
                0x200000c8       0xbb ./Middlewares/ST/STM32_USB_Device_Library/Class/HID/Src/usbd_hid.o
 *fill*         0x20000183        0x1 
 .data.FS_Desc  0x20000184       0x1c ./USB_DEVICE/App/usbd_desc.o
                0x20000184                FS_Desc
 .data.USBD_FS_DeviceDesc
                0x200001a0       0x12 ./USB_DEVICE/App/usbd_desc.o
                0x200001a0                USBD_FS_DeviceDesc
 *fill*         0x200001b2        0x2 
 .data.USBD_LangIDDesc
                0x200001b4        0x4 ./USB_DEVICE/App/usbd_desc.o
                0x200001b4                USBD_LangIDDesc
 .data.USBD_StringSerial
                0x200001b8       0x1a ./USB_DEVICE/App/usbd_desc.o
                0x200001b8                USBD_StringSerial
 *(.RamFunc)
 *(.RamFunc*)
                0x200001d4                        . = ALIGN (0x4)
 *fill*         0x200001d2        0x2 
                0x200001d4                        _edata = .

.igot.plt       0x200001d4        0x0 load address 0x080070d8
 .igot.plt      0x200001d4        0x0 C:/ST/STM32CubeIDE_1.16.0/STM32CubeIDE/plugins/com.st.stm32cube.ide.mcu.externaltools.gnu-tools-for-stm32.12.3.rel1.win32_1.0.200.202406191623/tools/bin/../lib/gcc/arm-none-eabi/12.3.1/thumb/v7-m/nofp/crtbegin.o
                0x200001d4                        . = ALIGN (0x4)

.bss            0x200001d4      0x7dc load address 0x080070d8
                0x200001d4                        _sbss = .
                0x200001d4                        __bss_start__ = _sbss
 *(.bss)
 .bss           0x200001d4       0x1c C:/ST/STM32CubeIDE_1.16.0/STM32CubeIDE/plugins/com.st.stm32cube.ide.mcu.externaltools.gnu-tools-for-stm32.12.3.rel1.win32_1.0.200.202406191623/tools/bin/../lib/gcc/arm-none-eabi/12.3.1/thumb/v7-m/nofp/crtbegin.o
 *(.bss*)
 .bss.buffer    0x200001f0        0x8 ./Core/Src/main.o
                0x200001f0                buffer
 .bss.uwTick    0x200001f8        0x4 ./Drivers/STM32F1xx_HAL_Driver/Src/stm32f1xx_hal.o
                0x200001f8                uwTick
 .bss.cfgidx.0  0x200001fc        0x1 ./Middlewares/ST/STM32_USB_Device_Library/Core/Src/usbd_ctlreq.o
 *fill*         0x200001fd        0x3 
 .bss.hUsbDeviceFS
                0x20000200      0x2c4 ./USB_DEVICE/App/usb_device.o
                0x20000200                hUsbDeviceFS
 .bss.USBD_StrDesc
                0x200004c4      0x200 ./USB_DEVICE/App/usbd_desc.o
                0x200004c4                USBD_StrDesc
 .bss.hpcd_USB_FS
                0x200006c4      0x2d8 ./USB_DEVICE/Target/usbd_conf.o
                0x200006c4                hpcd_USB_FS
 .bss.mem.0     0x2000099c       0x14 ./USB_DEVICE/Target/usbd_conf.o
 *(COMMON)
                0x200009b0                        . = ALIGN (0x4)
                0x200009b0                        _ebss = .
                0x200009b0                        __bss_end__ = _ebss

._user_heap_stack
                0x200009b0      0x600 load address 0x080070d8
                0x200009b0                        . = ALIGN (0x8)
                [!provide]                        PROVIDE (end = .)
                0x200009b0                        PROVIDE (_end = .)
                0x20000bb0                        . = (. + _Min_Heap_Size)
 *fill*         0x200009b0      0x200 
                0x20000fb0                        . = (. + _Min_Stack_Size)
 *fill*         0x20000bb0      0x400 
                0x20000fb0                        . = ALIGN (0x8)

/DISCARD/
 libc.a(*)
 libm.a(*)
 libgcc.a(*)

.ARM.attributes
                0x00000000       0x29
 *(.ARM.attributes)
 .ARM.attributes
                0x00000000       0x1d C:/ST/STM32CubeIDE_1.16.0/STM32CubeIDE/plugins/com.st.stm32cube.ide.mcu.externaltools.gnu-tools-for-stm32.12.3.rel1.win32_1.0.200.202406191623/tools/bin/../lib/gcc/arm-none-eabi/12.3.1/thumb/v7-m/nofp/crti.o
 .ARM.attributes
                0x0000001d       0x2d C:/ST/STM32CubeIDE_1.16.0/STM32CubeIDE/plugins/com.st.stm32cube.ide.mcu.externaltools.gnu-tools-for-stm32.12.3.rel1.win32_1.0.200.202406191623/tools/bin/../lib/gcc/arm-none-eabi/12.3.1/thumb/v7-m/nofp/crtbegin.o
 .ARM.attributes
                0x0000004a       0x2d ./Core/Src/main.o
 .ARM.attributes
                0x00000077       0x2d ./Core/Src/stm32f1xx_hal_msp.o
 .ARM.attributes
                0x000000a4       0x2d ./Core/Src/stm32f1xx_it.o
 .ARM.attributes
                0x000000d1       0x2d ./Core/Src/system_stm32f1xx.o
 .ARM.attributes
                0x000000fe       0x21 ./Core/Startup/startup_stm32f103c8tx.o
 .ARM.attributes
                0x0000011f       0x2d ./Drivers/STM32F1xx_HAL_Driver/Src/stm32f1xx_hal.o
 .ARM.attributes
                0x0000014c       0x2d ./Drivers/STM32F1xx_HAL_Driver/Src/stm32f1xx_hal_cortex.o
 .ARM.attributes
                0x00000179       0x2d ./Drivers/STM32F1xx_HAL_Driver/Src/stm32f1xx_hal_pcd.o
 .ARM.attributes
                0x000001a6       0x2d ./Drivers/STM32F1xx_HAL_Driver/Src/stm32f1xx_hal_pcd_ex.o
 .ARM.attributes
                0x000001d3       0x2d ./Drivers/STM32F1xx_HAL_Driver/Src/stm32f1xx_hal_rcc.o
 .ARM.attributes
                0x00000200       0x2d ./Drivers/STM32F1xx_HAL_Driver/Src/stm32f1xx_hal_rcc_ex.o
 .ARM.attributes
                0x0000022d       0x2d ./Drivers/STM32F1xx_HAL_Driver/Src/stm32f1xx_ll_usb.o
 .ARM.attributes
                0x0000025a       0x2d ./Middlewares/ST/STM32_USB_Device_Library/Class/HID/Src/usbd_hid.o
 .ARM.attributes
                0x00000287       0x2d ./Middlewares/ST/STM32_USB_Device_Library/Core/Src/usbd_core.o
 .ARM.attributes
                0x000002b4       0x2d ./Middlewares/ST/STM32_USB_Device_Library/Core/Src/usbd_ctlreq.o
 .ARM.attributes
                0x000002e1       0x2d ./Middlewares/ST/STM32_USB_Device_Library/Core/Src/usbd_ioreq.o
 .ARM.attributes
                0x0000030e       0x2d ./USB_DEVICE/App/usb_device.o
 .ARM.attributes
                0x0000033b       0x2d ./USB_DEVICE/App/usbd_desc.o
 .ARM.attributes
                0x00000368       0x2d ./USB_DEVICE/Target/usbd_conf.o
 .ARM.attributes
                0x00000395       0x2d C:/ST/STM32CubeIDE_1.16.0/STM32CubeIDE/plugins/com.st.stm32cube.ide.mcu.externaltools.gnu-tools-for-stm32.12.3.rel1.win32_1.0.200.202406191623/tools/bin/../lib/gcc/arm-none-eabi/12.3.1/../../../../arm-none-eabi/lib/thumb/v7-m/nofp\libc_nano.a(libc_a-memset.o)
 .ARM.attributes
                0x000003c2       0x2d C:/ST/STM32CubeIDE_1.16.0/STM32CubeIDE/plugins/com.st.stm32cube.ide.mcu.externaltools.gnu-tools-for-stm32.12.3.rel1.win32_1.0.200.202406191623/tools/bin/../lib/gcc/arm-none-eabi/12.3.1/../../../../arm-none-eabi/lib/thumb/v7-m/nofp\libc_nano.a(libc_a-init.o)
 .ARM.attributes
                0x000003ef       0x1d C:/ST/STM32CubeIDE_1.16.0/STM32CubeIDE/plugins/com.st.stm32cube.ide.mcu.externaltools.gnu-tools-for-stm32.12.3.rel1.win32_1.0.200.202406191623/tools/bin/../lib/gcc/arm-none-eabi/12.3.1/thumb/v7-m/nofp/crtn.o
OUTPUT(USB_HID_KeyboardDevice.elf elf32-littlearm)
LOAD linker stubs
LOAD C:/ST/STM32CubeIDE_1.16.0/STM32CubeIDE/plugins/com.st.stm32cube.ide.mcu.externaltools.gnu-tools-for-stm32.12.3.rel1.win32_1.0.200.202406191623/tools/bin/../lib/gcc/arm-none-eabi/12.3.1/../../../../arm-none-eabi/lib/thumb/v7-m/nofp\libc.a
LOAD C:/ST/STM32CubeIDE_1.16.0/STM32CubeIDE/plugins/com.st.stm32cube.ide.mcu.externaltools.gnu-tools-for-stm32.12.3.rel1.win32_1.0.200.202406191623/tools/bin/../lib/gcc/arm-none-eabi/12.3.1/../../../../arm-none-eabi/lib/thumb/v7-m/nofp\libm.a
LOAD C:/ST/STM32CubeIDE_1.16.0/STM32CubeIDE/plugins/com.st.stm32cube.ide.mcu.externaltools.gnu-tools-for-stm32.12.3.rel1.win32_1.0.200.202406191623/tools/bin/../lib/gcc/arm-none-eabi/12.3.1/thumb/v7-m/nofp\libgcc.a

.debug_info     0x00000000     0xaa35
 .debug_info    0x00000000      0x876 ./Core/Src/main.o
 .debug_info    0x00000876      0x1f1 ./Core/Src/stm32f1xx_hal_msp.o
 .debug_info    0x00000a67      0x602 ./Core/Src/stm32f1xx_it.o
 .debug_info    0x00001069      0x222 ./Core/Src/system_stm32f1xx.o
 .debug_info    0x0000128b       0x30 ./Core/Startup/startup_stm32f103c8tx.o
 .debug_info    0x000012bb      0x704 ./Drivers/STM32F1xx_HAL_Driver/Src/stm32f1xx_hal.o
 .debug_info    0x000019bf      0xa87 ./Drivers/STM32F1xx_HAL_Driver/Src/stm32f1xx_hal_cortex.o
 .debug_info    0x00002446     0x16dc ./Drivers/STM32F1xx_HAL_Driver/Src/stm32f1xx_hal_pcd.o
 .debug_info    0x00003b22      0x6c3 ./Drivers/STM32F1xx_HAL_Driver/Src/stm32f1xx_hal_pcd_ex.o
 .debug_info    0x000041e5      0x7d5 ./Drivers/STM32F1xx_HAL_Driver/Src/stm32f1xx_hal_rcc.o
 .debug_info    0x000049ba      0x3c0 ./Drivers/STM32F1xx_HAL_Driver/Src/stm32f1xx_hal_rcc_ex.o
 .debug_info    0x00004d7a     0x17ae ./Drivers/STM32F1xx_HAL_Driver/Src/stm32f1xx_ll_usb.o
 .debug_info    0x00006528      0x927 ./Middlewares/ST/STM32_USB_Device_Library/Class/HID/Src/usbd_hid.o
 .debug_info    0x00006e4f      0xa52 ./Middlewares/ST/STM32_USB_Device_Library/Core/Src/usbd_core.o
 .debug_info    0x000078a1      0x91c ./Middlewares/ST/STM32_USB_Device_Library/Core/Src/usbd_ctlreq.o
 .debug_info    0x000081bd      0x6a0 ./Middlewares/ST/STM32_USB_Device_Library/Core/Src/usbd_ioreq.o
 .debug_info    0x0000885d      0x53a ./USB_DEVICE/App/usb_device.o
 .debug_info    0x00008d97      0x44a ./USB_DEVICE/App/usbd_desc.o
 .debug_info    0x000091e1     0x1854 ./USB_DEVICE/Target/usbd_conf.o

.debug_abbrev   0x00000000     0x2529
 .debug_abbrev  0x00000000      0x299 ./Core/Src/main.o
 .debug_abbrev  0x00000299       0xdb ./Core/Src/stm32f1xx_hal_msp.o
 .debug_abbrev  0x00000374      0x192 ./Core/Src/stm32f1xx_it.o
 .debug_abbrev  0x00000506      0x13f ./Core/Src/system_stm32f1xx.o
 .debug_abbrev  0x00000645       0x24 ./Core/Startup/startup_stm32f103c8tx.o
 .debug_abbrev  0x00000669      0x201 ./Drivers/STM32F1xx_HAL_Driver/Src/stm32f1xx_hal.o
 .debug_abbrev  0x0000086a      0x2f8 ./Drivers/STM32F1xx_HAL_Driver/Src/stm32f1xx_hal_cortex.o
 .debug_abbrev  0x00000b62      0x2d6 ./Drivers/STM32F1xx_HAL_Driver/Src/stm32f1xx_hal_pcd.o
 .debug_abbrev  0x00000e38      0x189 ./Drivers/STM32F1xx_HAL_Driver/Src/stm32f1xx_hal_pcd_ex.o
 .debug_abbrev  0x00000fc1      0x2b3 ./Drivers/STM32F1xx_HAL_Driver/Src/stm32f1xx_hal_rcc.o
 .debug_abbrev  0x00001274      0x188 ./Drivers/STM32F1xx_HAL_Driver/Src/stm32f1xx_hal_rcc_ex.o
 .debug_abbrev  0x000013fc      0x1de ./Drivers/STM32F1xx_HAL_Driver/Src/stm32f1xx_ll_usb.o
 .debug_abbrev  0x000015da      0x26b ./Middlewares/ST/STM32_USB_Device_Library/Class/HID/Src/usbd_hid.o
 .debug_abbrev  0x00001845      0x24a ./Middlewares/ST/STM32_USB_Device_Library/Core/Src/usbd_core.o
 .debug_abbrev  0x00001a8f      0x26b ./Middlewares/ST/STM32_USB_Device_Library/Core/Src/usbd_ctlreq.o
 .debug_abbrev  0x00001cfa      0x192 ./Middlewares/ST/STM32_USB_Device_Library/Core/Src/usbd_ioreq.o
 .debug_abbrev  0x00001e8c      0x188 ./USB_DEVICE/App/usb_device.o
 .debug_abbrev  0x00002014      0x1ff ./USB_DEVICE/App/usbd_desc.o
 .debug_abbrev  0x00002213      0x316 ./USB_DEVICE/Target/usbd_conf.o

.debug_aranges  0x00000000      0x9b0
 .debug_aranges
                0x00000000       0x38 ./Core/Src/main.o
 .debug_aranges
                0x00000038       0x20 ./Core/Src/stm32f1xx_hal_msp.o
 .debug_aranges
                0x00000058       0x68 ./Core/Src/stm32f1xx_it.o
 .debug_aranges
                0x000000c0       0x28 ./Core/Src/system_stm32f1xx.o
 .debug_aranges
                0x000000e8       0x28 ./Core/Startup/startup_stm32f103c8tx.o
 .debug_aranges
                0x00000110       0xe0 ./Drivers/STM32F1xx_HAL_Driver/Src/stm32f1xx_hal.o
 .debug_aranges
                0x000001f0      0x100 ./Drivers/STM32F1xx_HAL_Driver/Src/stm32f1xx_hal_cortex.o
 .debug_aranges
                0x000002f0      0x140 ./Drivers/STM32F1xx_HAL_Driver/Src/stm32f1xx_hal_pcd.o
 .debug_aranges
                0x00000430       0x38 ./Drivers/STM32F1xx_HAL_Driver/Src/stm32f1xx_hal_pcd_ex.o
 .debug_aranges
                0x00000468       0x90 ./Drivers/STM32F1xx_HAL_Driver/Src/stm32f1xx_hal_rcc.o
 .debug_aranges
                0x000004f8       0x30 ./Drivers/STM32F1xx_HAL_Driver/Src/stm32f1xx_hal_rcc_ex.o
 .debug_aranges
                0x00000528       0xf8 ./Drivers/STM32F1xx_HAL_Driver/Src/stm32f1xx_ll_usb.o
 .debug_aranges
                0x00000620       0x68 ./Middlewares/ST/STM32_USB_Device_Library/Class/HID/Src/usbd_hid.o
 .debug_aranges
                0x00000688       0xb8 ./Middlewares/ST/STM32_USB_Device_Library/Core/Src/usbd_core.o
 .debug_aranges
                0x00000740       0x88 ./Middlewares/ST/STM32_USB_Device_Library/Core/Src/usbd_ctlreq.o
 .debug_aranges
                0x000007c8       0x50 ./Middlewares/ST/STM32_USB_Device_Library/Core/Src/usbd_ioreq.o
 .debug_aranges
                0x00000818       0x20 ./USB_DEVICE/App/usb_device.o
 .debug_aranges
                0x00000838       0x60 ./USB_DEVICE/App/usbd_desc.o
 .debug_aranges
                0x00000898      0x118 ./USB_DEVICE/Target/usbd_conf.o

.debug_rnglists
                0x00000000      0x70e
 .debug_rnglists
                0x00000000       0x27 ./Core/Src/main.o
 .debug_rnglists
                0x00000027       0x13 ./Core/Src/stm32f1xx_hal_msp.o
 .debug_rnglists
                0x0000003a       0x49 ./Core/Src/stm32f1xx_it.o
 .debug_rnglists
                0x00000083       0x1a ./Core/Src/system_stm32f1xx.o
 .debug_rnglists
                0x0000009d       0x19 ./Core/Startup/startup_stm32f103c8tx.o
 .debug_rnglists
                0x000000b6       0xa3 ./Drivers/STM32F1xx_HAL_Driver/Src/stm32f1xx_hal.o
 .debug_rnglists
                0x00000159       0xbb ./Drivers/STM32F1xx_HAL_Driver/Src/stm32f1xx_hal_cortex.o
 .debug_rnglists
                0x00000214       0xf4 ./Drivers/STM32F1xx_HAL_Driver/Src/stm32f1xx_hal_pcd.o
 .debug_rnglists
                0x00000308       0x26 ./Drivers/STM32F1xx_HAL_Driver/Src/stm32f1xx_hal_pcd_ex.o
 .debug_rnglists
                0x0000032e       0x6c ./Drivers/STM32F1xx_HAL_Driver/Src/stm32f1xx_hal_rcc.o
 .debug_rnglists
                0x0000039a       0x21 ./Drivers/STM32F1xx_HAL_Driver/Src/stm32f1xx_hal_rcc_ex.o
 .debug_rnglists
                0x000003bb       0xbd ./Drivers/STM32F1xx_HAL_Driver/Src/stm32f1xx_ll_usb.o
 .debug_rnglists
                0x00000478       0x4a ./Middlewares/ST/STM32_USB_Device_Library/Class/HID/Src/usbd_hid.o
 .debug_rnglists
                0x000004c2       0x89 ./Middlewares/ST/STM32_USB_Device_Library/Core/Src/usbd_core.o
 .debug_rnglists
                0x0000054b       0x68 ./Middlewares/ST/STM32_USB_Device_Library/Core/Src/usbd_ctlreq.o
 .debug_rnglists
                0x000005b3       0x37 ./Middlewares/ST/STM32_USB_Device_Library/Core/Src/usbd_ioreq.o
 .debug_rnglists
                0x000005ea       0x13 ./USB_DEVICE/App/usb_device.o
 .debug_rnglists
                0x000005fd       0x43 ./USB_DEVICE/App/usbd_desc.o
 .debug_rnglists
                0x00000640       0xce ./USB_DEVICE/Target/usbd_conf.o

.debug_macro    0x00000000    0x18abe
 .debug_macro   0x00000000      0x351 ./Core/Src/main.o
 .debug_macro   0x00000351      0xaa8 ./Core/Src/main.o
 .debug_macro   0x00000df9      0x215 ./Core/Src/main.o
 .debug_macro   0x0000100e       0x2e ./Core/Src/main.o
 .debug_macro   0x0000103c       0x22 ./Core/Src/main.o
 .debug_macro   0x0000105e       0x22 ./Core/Src/main.o
 .debug_macro   0x00001080       0x8e ./Core/Src/main.o
 .debug_macro   0x0000110e       0x51 ./Core/Src/main.o
 .debug_macro   0x0000115f      0x103 ./Core/Src/main.o
 .debug_macro   0x00001262       0x6a ./Core/Src/main.o
 .debug_macro   0x000012cc      0x1df ./Core/Src/main.o
 .debug_macro   0x000014ab       0x1c ./Core/Src/main.o
 .debug_macro   0x000014c7       0x22 ./Core/Src/main.o
 .debug_macro   0x000014e9       0xbd ./Core/Src/main.o
 .debug_macro   0x000015a6      0xd23 ./Core/Src/main.o
 .debug_macro   0x000022c9     0xe09e ./Core/Src/main.o
 .debug_macro   0x00010367       0x6d ./Core/Src/main.o
 .debug_macro   0x000103d4     0x34a2 ./Core/Src/main.o
 .debug_macro   0x00013876      0x189 ./Core/Src/main.o
 .debug_macro   0x000139ff       0x5c ./Core/Src/main.o
 .debug_macro   0x00013a5b      0x5bc ./Core/Src/main.o
 .debug_macro   0x00014017      0x289 ./Core/Src/main.o
 .debug_macro   0x000142a0      0x1cb ./Core/Src/main.o
 .debug_macro   0x0001446b      0x114 ./Core/Src/main.o
 .debug_macro   0x0001457f      0x1b2 ./Core/Src/main.o
 .debug_macro   0x00014731       0x27 ./Core/Src/main.o
 .debug_macro   0x00014758      0x136 ./Core/Src/main.o
 .debug_macro   0x0001488e      0x1bc ./Core/Src/main.o
 .debug_macro   0x00014a4a       0x34 ./Core/Src/main.o
 .debug_macro   0x00014a7e       0x3c ./Core/Src/main.o
 .debug_macro   0x00014aba       0x57 ./Core/Src/main.o
 .debug_macro   0x00014b11       0x87 ./Core/Src/main.o
 .debug_macro   0x00014b98      0x240 ./Core/Src/main.o
 .debug_macro   0x00014dd8      0x140 ./Core/Src/main.o
 .debug_macro   0x00014f18       0xb7 ./Core/Src/main.o
 .debug_macro   0x00014fcf      0x242 ./Core/Src/main.o
 .debug_macro   0x00015211       0x83 ./Core/Src/main.o
 .debug_macro   0x00015294       0x61 ./Core/Src/main.o
 .debug_macro   0x000152f5       0x24 ./Core/Src/main.o
 .debug_macro   0x00015319       0x43 ./Core/Src/main.o
 .debug_macro   0x0001535c       0x34 ./Core/Src/main.o
 .debug_macro   0x00015390       0x16 ./Core/Src/main.o
 .debug_macro   0x000153a6       0x35 ./Core/Src/main.o
 .debug_macro   0x000153db      0x369 ./Core/Src/main.o
 .debug_macro   0x00015744       0x10 ./Core/Src/main.o
 .debug_macro   0x00015754       0x16 ./Core/Src/main.o
 .debug_macro   0x0001576a       0x43 ./Core/Src/main.o
 .debug_macro   0x000157ad       0x34 ./Core/Src/main.o
 .debug_macro   0x000157e1       0x10 ./Core/Src/main.o
 .debug_macro   0x000157f1       0x58 ./Core/Src/main.o
 .debug_macro   0x00015849       0x8e ./Core/Src/main.o
 .debug_macro   0x000158d7       0x1c ./Core/Src/main.o
 .debug_macro   0x000158f3      0x177 ./Core/Src/main.o
 .debug_macro   0x00015a6a       0x16 ./Core/Src/main.o
 .debug_macro   0x00015a80       0x16 ./Core/Src/main.o
 .debug_macro   0x00015a96      0x146 ./Core/Src/main.o
 .debug_macro   0x00015bdc       0x16 ./Core/Src/main.o
 .debug_macro   0x00015bf2       0x16 ./Core/Src/main.o
 .debug_macro   0x00015c08       0x29 ./Core/Src/main.o
 .debug_macro   0x00015c31       0x16 ./Core/Src/main.o
 .debug_macro   0x00015c47       0x20 ./Core/Src/main.o
 .debug_macro   0x00015c67       0x5f ./Core/Src/main.o
 .debug_macro   0x00015cc6      0x1c8 ./Core/Src/main.o
 .debug_macro   0x00015e8e       0x5e ./Core/Src/main.o
 .debug_macro   0x00015eec      0x1b2 ./Core/Src/stm32f1xx_hal_msp.o
 .debug_macro   0x0001609e      0x1bc ./Core/Src/stm32f1xx_it.o
 .debug_macro   0x0001625a      0x1a8 ./Core/Src/system_stm32f1xx.o
 .debug_macro   0x00016402      0x1cc ./Drivers/STM32F1xx_HAL_Driver/Src/stm32f1xx_hal.o
 .debug_macro   0x000165ce      0x1a8 ./Drivers/STM32F1xx_HAL_Driver/Src/stm32f1xx_hal_cortex.o
 .debug_macro   0x00016776      0x1b4 ./Drivers/STM32F1xx_HAL_Driver/Src/stm32f1xx_hal_pcd.o
 .debug_macro   0x0001692a      0x1a8 ./Drivers/STM32F1xx_HAL_Driver/Src/stm32f1xx_hal_pcd_ex.o
 .debug_macro   0x00016ad2      0x1ba ./Drivers/STM32F1xx_HAL_Driver/Src/stm32f1xx_hal_rcc.o
 .debug_macro   0x00016c8c      0x1a8 ./Drivers/STM32F1xx_HAL_Driver/Src/stm32f1xx_hal_rcc_ex.o
 .debug_macro   0x00016e34      0x1a8 ./Drivers/STM32F1xx_HAL_Driver/Src/stm32f1xx_ll_usb.o
 .debug_macro   0x00016fdc      0x341 ./Middlewares/ST/STM32_USB_Device_Library/Class/HID/Src/usbd_hid.o
 .debug_macro   0x0001731d       0x9e ./Middlewares/ST/STM32_USB_Device_Library/Class/HID/Src/usbd_hid.o
 .debug_macro   0x000173bb      0x10b ./Middlewares/ST/STM32_USB_Device_Library/Class/HID/Src/usbd_hid.o
 .debug_macro   0x000174c6       0x56 ./Middlewares/ST/STM32_USB_Device_Library/Class/HID/Src/usbd_hid.o
 .debug_macro   0x0001751c      0x328 ./Middlewares/ST/STM32_USB_Device_Library/Core/Src/usbd_core.o
 .debug_macro   0x00017844      0x1ce ./Middlewares/ST/STM32_USB_Device_Library/Core/Src/usbd_core.o
 .debug_macro   0x00017a12      0x332 ./Middlewares/ST/STM32_USB_Device_Library/Core/Src/usbd_ctlreq.o
 .debug_macro   0x00017d44      0x32e ./Middlewares/ST/STM32_USB_Device_Library/Core/Src/usbd_ioreq.o
 .debug_macro   0x00018072      0x35e ./USB_DEVICE/App/usb_device.o
 .debug_macro   0x000183d0       0x22 ./USB_DEVICE/App/usb_device.o
 .debug_macro   0x000183f2      0x365 ./USB_DEVICE/App/usbd_desc.o
 .debug_macro   0x00018757       0x1c ./USB_DEVICE/App/usbd_desc.o
 .debug_macro   0x00018773      0x34b ./USB_DEVICE/Target/usbd_conf.o

.debug_line     0x00000000     0xceac
 .debug_line    0x00000000      0xab0 ./Core/Src/main.o
 .debug_line    0x00000ab0      0x704 ./Core/Src/stm32f1xx_hal_msp.o
 .debug_line    0x000011b4      0x7dd ./Core/Src/stm32f1xx_it.o
 .debug_line    0x00001991      0x781 ./Core/Src/system_stm32f1xx.o
 .debug_line    0x00002112       0x78 ./Core/Startup/startup_stm32f103c8tx.o
 .debug_line    0x0000218a      0x9ae ./Drivers/STM32F1xx_HAL_Driver/Src/stm32f1xx_hal.o
 .debug_line    0x00002b38      0xb9a ./Drivers/STM32F1xx_HAL_Driver/Src/stm32f1xx_hal_cortex.o
 .debug_line    0x000036d2     0x1403 ./Drivers/STM32F1xx_HAL_Driver/Src/stm32f1xx_hal_pcd.o
 .debug_line    0x00004ad5      0x77c ./Drivers/STM32F1xx_HAL_Driver/Src/stm32f1xx_hal_pcd_ex.o
 .debug_line    0x00005251      0xdb7 ./Drivers/STM32F1xx_HAL_Driver/Src/stm32f1xx_hal_rcc.o
 .debug_line    0x00006008      0x8f8 ./Drivers/STM32F1xx_HAL_Driver/Src/stm32f1xx_hal_rcc_ex.o
 .debug_line    0x00006900     0x107f ./Drivers/STM32F1xx_HAL_Driver/Src/stm32f1xx_ll_usb.o
 .debug_line    0x0000797f      0xbbf ./Middlewares/ST/STM32_USB_Device_Library/Class/HID/Src/usbd_hid.o
 .debug_line    0x0000853e      0xd82 ./Middlewares/ST/STM32_USB_Device_Library/Core/Src/usbd_core.o
 .debug_line    0x000092c0      0xfc2 ./Middlewares/ST/STM32_USB_Device_Library/Core/Src/usbd_ctlreq.o
 .debug_line    0x0000a282      0xa18 ./Middlewares/ST/STM32_USB_Device_Library/Core/Src/usbd_ioreq.o
 .debug_line    0x0000ac9a      0x9bd ./USB_DEVICE/App/usb_device.o
 .debug_line    0x0000b657      0xaa1 ./USB_DEVICE/App/usbd_desc.o
 .debug_line    0x0000c0f8      0xdb4 ./USB_DEVICE/Target/usbd_conf.o

.debug_str      0x00000000    0x8403a
 .debug_str     0x00000000    0x81cd5 ./Core/Src/main.o
                              0x820d2 (size before relaxing)
 .debug_str     0x00081cd5       0x5a ./Core/Src/stm32f1xx_hal_msp.o
                              0x7d744 (size before relaxing)
 .debug_str     0x00081d2f      0x403 ./Core/Src/stm32f1xx_it.o
                              0x7db23 (size before relaxing)
 .debug_str     0x00082132       0x7e ./Core/Src/system_stm32f1xx.o
                              0x7d76f (size before relaxing)
 .debug_str     0x000821b0       0x44 ./Core/Startup/startup_stm32f103c8tx.o
                                 0x81 (size before relaxing)
 .debug_str     0x000821f4      0x607 ./Drivers/STM32F1xx_HAL_Driver/Src/stm32f1xx_hal.o
                              0x7dea2 (size before relaxing)
 .debug_str     0x000827fb      0x293 ./Drivers/STM32F1xx_HAL_Driver/Src/stm32f1xx_hal_cortex.o
                              0x7ddee (size before relaxing)
 .debug_str     0x00082a8e      0x5da ./Drivers/STM32F1xx_HAL_Driver/Src/stm32f1xx_hal_pcd.o
                              0x7e08c (size before relaxing)
 .debug_str     0x00083068      0x170 ./Drivers/STM32F1xx_HAL_Driver/Src/stm32f1xx_hal_pcd_ex.o
                              0x7dbee (size before relaxing)
 .debug_str     0x000831d8      0x264 ./Drivers/STM32F1xx_HAL_Driver/Src/stm32f1xx_hal_rcc.o
                              0x7db9e (size before relaxing)
 .debug_str     0x0008343c       0x9f ./Drivers/STM32F1xx_HAL_Driver/Src/stm32f1xx_hal_rcc_ex.o
                              0x7d8ee (size before relaxing)
 .debug_str     0x000834db      0x129 ./Drivers/STM32F1xx_HAL_Driver/Src/stm32f1xx_ll_usb.o
                              0x7dc40 (size before relaxing)
 .debug_str     0x00083604      0x298 ./Middlewares/ST/STM32_USB_Device_Library/Class/HID/Src/usbd_hid.o
                              0x820c9 (size before relaxing)
 .debug_str     0x0008389c      0x298 ./Middlewares/ST/STM32_USB_Device_Library/Core/Src/usbd_core.o
                              0x81f63 (size before relaxing)
 .debug_str     0x00083b34      0x11b ./Middlewares/ST/STM32_USB_Device_Library/Core/Src/usbd_ctlreq.o
                              0x81e7d (size before relaxing)
 .debug_str     0x00083c4f       0x79 ./Middlewares/ST/STM32_USB_Device_Library/Core/Src/usbd_ioreq.o
                              0x81daa (size before relaxing)
 .debug_str     0x00083cc8       0xa2 ./USB_DEVICE/App/usb_device.o
                              0x81f20 (size before relaxing)
 .debug_str     0x00083d6a      0x258 ./USB_DEVICE/App/usbd_desc.o
                              0x81ce6 (size before relaxing)
 .debug_str     0x00083fc2       0x78 ./USB_DEVICE/Target/usbd_conf.o
                              0x82a5e (size before relaxing)

.comment        0x00000000       0x43
 .comment       0x00000000       0x43 ./Core/Src/main.o
                                 0x44 (size before relaxing)
 .comment       0x00000043       0x44 ./Core/Src/stm32f1xx_hal_msp.o
 .comment       0x00000043       0x44 ./Core/Src/stm32f1xx_it.o
 .comment       0x00000043       0x44 ./Core/Src/system_stm32f1xx.o
 .comment       0x00000043       0x44 ./Drivers/STM32F1xx_HAL_Driver/Src/stm32f1xx_hal.o
 .comment       0x00000043       0x44 ./Drivers/STM32F1xx_HAL_Driver/Src/stm32f1xx_hal_cortex.o
 .comment       0x00000043       0x44 ./Drivers/STM32F1xx_HAL_Driver/Src/stm32f1xx_hal_pcd.o
 .comment       0x00000043       0x44 ./Drivers/STM32F1xx_HAL_Driver/Src/stm32f1xx_hal_pcd_ex.o
 .comment       0x00000043       0x44 ./Drivers/STM32F1xx_HAL_Driver/Src/stm32f1xx_hal_rcc.o
 .comment       0x00000043       0x44 ./Drivers/STM32F1xx_HAL_Driver/Src/stm32f1xx_hal_rcc_ex.o
 .comment       0x00000043       0x44 ./Drivers/STM32F1xx_HAL_Driver/Src/stm32f1xx_ll_usb.o
 .comment       0x00000043       0x44 ./Middlewares/ST/STM32_USB_Device_Library/Class/HID/Src/usbd_hid.o
 .comment       0x00000043       0x44 ./Middlewares/ST/STM32_USB_Device_Library/Core/Src/usbd_core.o
 .comment       0x00000043       0x44 ./Middlewares/ST/STM32_USB_Device_Library/Core/Src/usbd_ctlreq.o
 .comment       0x00000043       0x44 ./Middlewares/ST/STM32_USB_Device_Library/Core/Src/usbd_ioreq.o
 .comment       0x00000043       0x44 ./USB_DEVICE/App/usb_device.o
 .comment       0x00000043       0x44 ./USB_DEVICE/App/usbd_desc.o
 .comment       0x00000043       0x44 ./USB_DEVICE/Target/usbd_conf.o

.debug_frame    0x00000000     0x2518
 .debug_frame   0x00000000       0x90 ./Core/Src/main.o
 .debug_frame   0x00000090       0x38 ./Core/Src/stm32f1xx_hal_msp.o
 .debug_frame   0x000000c8      0x120 ./Core/Src/stm32f1xx_it.o
 .debug_frame   0x000001e8       0x58 ./Core/Src/system_stm32f1xx.o
 .debug_frame   0x00000240      0x334 ./Drivers/STM32F1xx_HAL_Driver/Src/stm32f1xx_hal.o
 .debug_frame   0x00000574      0x428 ./Drivers/STM32F1xx_HAL_Driver/Src/stm32f1xx_hal_cortex.o
 .debug_frame   0x0000099c      0x594 ./Drivers/STM32F1xx_HAL_Driver/Src/stm32f1xx_hal_pcd.o
 .debug_frame   0x00000f30       0xb0 ./Drivers/STM32F1xx_HAL_Driver/Src/stm32f1xx_hal_pcd_ex.o
 .debug_frame   0x00000fe0      0x218 ./Drivers/STM32F1xx_HAL_Driver/Src/stm32f1xx_hal_rcc.o
 .debug_frame   0x000011f8       0x80 ./Drivers/STM32F1xx_HAL_Driver/Src/stm32f1xx_hal_rcc_ex.o
 .debug_frame   0x00001278      0x470 ./Drivers/STM32F1xx_HAL_Driver/Src/stm32f1xx_ll_usb.o
 .debug_frame   0x000016e8      0x190 ./Middlewares/ST/STM32_USB_Device_Library/Class/HID/Src/usbd_hid.o
 .debug_frame   0x00001878      0x300 ./Middlewares/ST/STM32_USB_Device_Library/Core/Src/usbd_core.o
 .debug_frame   0x00001b78      0x218 ./Middlewares/ST/STM32_USB_Device_Library/Core/Src/usbd_ctlreq.o
 .debug_frame   0x00001d90      0x10c ./Middlewares/ST/STM32_USB_Device_Library/Core/Src/usbd_ioreq.o
 .debug_frame   0x00001e9c       0x2c ./USB_DEVICE/App/usb_device.o
 .debug_frame   0x00001ec8      0x160 ./USB_DEVICE/App/usbd_desc.o
 .debug_frame   0x00002028      0x4a4 ./USB_DEVICE/Target/usbd_conf.o
 .debug_frame   0x000024cc       0x20 C:/ST/STM32CubeIDE_1.16.0/STM32CubeIDE/plugins/com.st.stm32cube.ide.mcu.externaltools.gnu-tools-for-stm32.12.3.rel1.win32_1.0.200.202406191623/tools/bin/../lib/gcc/arm-none-eabi/12.3.1/../../../../arm-none-eabi/lib/thumb/v7-m/nofp\libc_nano.a(libc_a-memset.o)
 .debug_frame   0x000024ec       0x2c C:/ST/STM32CubeIDE_1.16.0/STM32CubeIDE/plugins/com.st.stm32cube.ide.mcu.externaltools.gnu-tools-for-stm32.12.3.rel1.win32_1.0.200.202406191623/tools/bin/../lib/gcc/arm-none-eabi/12.3.1/../../../../arm-none-eabi/lib/thumb/v7-m/nofp\libc_nano.a(libc_a-init.o)

.debug_line_str
                0x00000000       0x65
 .debug_line_str
                0x00000000       0x65 ./Core/Startup/startup_stm32f103c8tx.o
